Microchip MPLAB XC8 Compiler V3.00

Linker command line:

-W-3 \
  --edf=C:\Program Files\Microchip\xc8\v3.00\pic\dat\20241204225717_en.msgs \
  -cn -h+dist/default/debug\Washing_Machine_Project.X.debug.sym \
  --cmf=dist/default/debug\Washing_Machine_Project.X.debug.cmf -z -Q16F877A \
  -oC:\Users\VEDANT~1\AppData\Local\Temp\xcAs49k.\driver_tmp_3.o \
  --defsym=__MPLAB_BUILD=1 --fixupoverflow=error \
  -Mdist/default/debug/Washing_Machine_Project.X.debug.map \
  --md=C:\Users\VEDANT~1\AppData\Local\Temp\xcAs49k.\driver_tmp_0.dat -E1 \
  -ver=XC8 Compiler -ACODE=00h-07FFhx4 -ASTRCODE=00h-01FFFh \
  -ASTRING=00h-0FFhx32 -ACONST=00h-0FFhx32 -AENTRY=00h-0FFhx32 \
  -ACOMMON=070h-07Fh -ABANK0=020h-06Fh -ABANK1=0A0h-0EFh \
  -ABANK2=0110h-016Fh -ABANK3=0190h-01EFh \
  -ARAM=020h-06Fh,0A0h-0EFh,0110h-016Fh,0190h-01EFh \
  -AABS1=020h-07Fh,0A0h-0EFh,0110h-016Fh,0190h-01EFh -ASFR0=00h-01Fh \
  -ASFR1=080h-09Fh -ASFR2=0100h-010Fh -ASFR3=0180h-018Fh \
  -ACONFIG=02007h-02007h -DCONFIG=2 -AIDLOC=02000h-02003h -DIDLOC=2 \
  -AEEDATA=00h-0FFh/02100h -peeprom_data=EEDATA -DEEDATA=2 -DCODE=2 \
  -DSTRCODE=2 -DSTRING=2 -DCONST=2 -DENTRY=2 \
  -preset_vec=00h,intentry=04h,sivt,init,end_init -ppowerup=CODE \
  -pcinit=CODE -pfunctab=ENTRY -k \
  C:\Users\VEDANT~1\AppData\Local\Temp\xcAs49k.\driver_tmp_12.o \
  dist/default/debug\Washing_Machine_Project.X.debug.o 

Object code version is 3.11

Machine type is 16F877A



                Name                               Link     Load   Length Selector   Space Scale
C:\Users\VEDANT~1\AppData\Local\Temp\xcAs49k.\driver_tmp_12.o
                end_init                              C        C        3        8       0
                reset_vec                             0        0        3        0       0
                config                             2007     2007        1        0       4
dist/default/debug\Washing_Machine_Project.X.debug.o
                cinit                                 F        F       3E        8       0
                intentry                              4        4        8        8       0
                config                             2007     2007        1        0       4
                text27                             15D9     15D9       4D     2BB2       0
                text26                              801      801       20     1002       0
                text25                             1677     1677       57     2CEE       0
                text24                             14C6     14C6        B     298C       0
                text23                             14B7     14B7        6     296E       0
                text22                             14BD     14BD        9     297A       0
                text21                             151D     151D       1A     2A3A       0
                text20                             15A6     15A6       33     2B4C       0
                text19                             1508     1508       15     2A10       0
                text18                              938      938       A0     1270       0
                text17                             1626     1626       51     2C4C       0
                text16                             1725     1725       65     2E4A       0
                text15                             16CE     16CE       57     2D9C       0
                text14                             14E2     14E2       13     29C4       0
                text13                              759      759       A4        8       0
                text12                             157D     157D       29     2AFA       0
                text11                              417      417      342        8       0
                text10                              DA8      DA8      258     1B50       0
                text9                              1559     1559       24     2AB2       0
                text8                              178A     178A       76     2F14       0
                text7                               A82      A82       B6     1504       0
                text6                              14D1     14D1       11     29A2       0
                text5                               821      821       78     1042       0
                text4                                4D       4D      3CA        8       0
                text3                               C60      C60      148     18C0       0
                text2                               899      899       9F     1132       0
                text1                               9D8      9D8       AA     13B0       0
                maintext                            B38      B38      128     1670       0
                cstackBANK0                          20       20       45       20       1
                cstackCOMMON                         70       70        9       70       1
                cstackBANK1                          C9       C9        5       A0       1
                inittext                           14F5     14F5       13     29EA       0
                dataBANK1                            A0       A0       22       A0       1
                bssBANK1                             C2       C2        7       A0       1
                dataBANK0                            6D       6D        2       20       1
                bssBANK0                             65       65        8       20       1
                dataCOMMON                           79       79        2       70       1
                bssCOMMON                            7B       7B        1       70       1
                stringtext                         1000     1000      170       20       0
                strings                            1170     1170       12     22E0       0
                idataBANK1                         1537     1537       22     2A6E       0
                idataBANK0                         14B5     14B5        2     296A       0
                idataCOMMON                         7FD      7FD        2        8       0

TOTAL           Name                               Link     Load   Length     Space
        CLASS   CODE           
                end_init                              C        C        3         0
                cinit                                 F        F       3E         0
                intentry                              4        4        8         0
                reset_vec                             0        0        3         0
                text27                             15D9     15D9       4D         0
                text26                              801      801       20         0
                text25                             1677     1677       57         0
                text24                             14C6     14C6        B         0
                text23                             14B7     14B7        6         0
                text22                             14BD     14BD        9         0
                text21                             151D     151D       1A         0
                text20                             15A6     15A6       33         0
                text19                             1508     1508       15         0
                text18                              938      938       A0         0
                text17                             1626     1626       51         0
                text16                             1725     1725       65         0
                text15                             16CE     16CE       57         0
                text14                             14E2     14E2       13         0
                text13                              759      759       A4         0
                text12                             157D     157D       29         0
                text11                              417      417      342         0
                text10                              DA8      DA8      258         0
                text9                              1559     1559       24         0
                text8                              178A     178A       76         0
                text7                               A82      A82       B6         0
                text6                              14D1     14D1       11         0
                text5                               821      821       78         0
                text4                                4D       4D      3CA         0
                text3                               C60      C60      148         0
                text2                               899      899       9F         0
                text1                               9D8      9D8       AA         0
                maintext                            B38      B38      128         0
                inittext                           14F5     14F5       13         0
                idataBANK1                         1537     1537       22         0
                idataBANK0                         14B5     14B5        2         0
                idataCOMMON                         7FD      7FD        2         0

        CLASS   STRCODE        
                stringtext                         1000     1000      170         0

        CLASS   STRING         
                strings                            1170     1170       12         0

        CLASS   CONST          

        CLASS   ENTRY          

        CLASS   COMMON         
                cstackCOMMON                         70       70        9         1
                dataCOMMON                           79       79        2         1
                bssCOMMON                            7B       7B        1         1

        CLASS   BANK0          
                cstackBANK0                          20       20       45         1
                dataBANK0                            6D       6D        2         1
                bssBANK0                             65       65        8         1

        CLASS   BANK1          
                cstackBANK1                          C9       C9        5         1
                dataBANK1                            A0       A0       22         1
                bssBANK1                             C2       C2        7         1

        CLASS   BANK2          

        CLASS   BANK3          

        CLASS   RAM            

        CLASS   ABS1           
                abs_s1                               7E       7E        2         1

        CLASS   SFR0           

        CLASS   SFR1           

        CLASS   SFR2           

        CLASS   SFR3           

        CLASS   CONFIG         
                config                             2007     2007        1         4

        CLASS   IDLOC          

        CLASS   EEDATA         

        CLASS   HEAP           

        CLASS   STACK          



SEGMENTS        Name                           Load    Length   Top    Selector   Space  Class     Delta

                reset_vec                      000000  000003  000003         0       0  CODE        2
                intentry                       000004  0007FB  0007FF         8       0  CODE        2
                cstackBANK0                    000020  00004F  00006F        20       1  BANK0       1
                cstackCOMMON                   000070  00000C  00007C        70       1  COMMON      1
                dataBANK1                      0000A0  00002E  0000CE        A0       1  BANK1       1
                text26                         000801  000020  000821      1002       0  CODE        2
                text5                          000821  000078  000899      1042       0  CODE        2
                text2                          000899  00009F  000938      1132       0  CODE        2
                text18                         000938  0000A0  0009D8      1270       0  CODE        2
                text1                          0009D8  0000AA  000A82      13B0       0  CODE        2
                text7                          000A82  0000B6  000B38      1504       0  CODE        2
                maintext                       000B38  000128  000C60      1670       0  CODE        2
                text3                          000C60  000148  000DA8      18C0       0  CODE        2
                text10                         000DA8  000258  001000      1B50       0  CODE        2
                stringtext                     001000  000170  001170        20       0  STRCODE     2
                strings                        001170  000012  001182      22E0       0  STRING      2
                idataBANK0                     0014B5  000002  0014B7      296A       0  CODE        2
                text23                         0014B7  000006  0014BD      296E       0  CODE        2
                text22                         0014BD  000009  0014C6      297A       0  CODE        2
                text24                         0014C6  00000B  0014D1      298C       0  CODE        2
                text6                          0014D1  000011  0014E2      29A2       0  CODE        2
                text14                         0014E2  000013  0014F5      29C4       0  CODE        2
                inittext                       0014F5  000013  001508      29EA       0  CODE        2
                text19                         001508  000015  00151D      2A10       0  CODE        2
                text21                         00151D  00001A  001537      2A3A       0  CODE        2
                idataBANK1                     001537  000022  001559      2A6E       0  CODE        2
                text9                          001559  000024  00157D      2AB2       0  CODE        2
                text12                         00157D  000029  0015A6      2AFA       0  CODE        2
                text20                         0015A6  000033  0015D9      2B4C       0  CODE        2
                text27                         0015D9  00004D  001626      2BB2       0  CODE        2
                text17                         001626  000051  001677      2C4C       0  CODE        2
                text25                         001677  000057  0016CE      2CEE       0  CODE        2
                text15                         0016CE  000057  001725      2D9C       0  CODE        2
                text16                         001725  000065  00178A      2E4A       0  CODE        2
                text8                          00178A  000076  001800      2F14       0  CODE        2


UNUSED ADDRESS RANGES

        Name                Unused          Largest block    Delta
        BANK0            006F-006F              1           1
        BANK1            00CE-00EF             22           1
        BANK2            0110-016F             60           1
        BANK3            0190-01EF             60           1
        CODE             0003-0003              1           2
                         07FF-0800              1
                         1182-14B4            333
                         1800-1FFF            800
        COMMON           007C-007D              2           1
        CONST            0003-0003              1           2
                         07FF-0800              1
                         1182-14B4            100
                         1800-1FFF            100
        EEDATA           2100-21FF            100           2
        ENTRY            0003-0003              1           2
                         07FF-0800              1
                         1182-14B4            100
                         1800-1FFF            100
        IDLOC            2000-2003              4           2
        RAM              006F-006F              1           1
                         00CE-00EF             22
                         0110-016F             60
                         0190-01EF             60
        SFR0             0000-001F             20           1
        SFR1             0080-009F             20           1
        SFR2             0100-010F             10           1
        SFR3             0180-018F             10           1
        STRCODE          0003-0003              1           2
                         07FF-0800              2
                         1182-14B4            333
                         1800-1FFF            800
        STRING           0003-0003              1           2
                         07FF-0800              1
                         1182-14B4            100
                         1800-1FFF            100

                                  Symbol Table

?__Umul8_16                          cstackCOMMON 0072
?___awdiv                            cstackCOMMON 0072
?___awmod                            cstackCOMMON 0072
?___fladd                            cstackBANK0  0020
?___flmul                            cstackBANK0  002A
?___flsub                            cstackBANK0  0044
?___fltol                            cstackBANK0  0044
?___xxtofl                           cstackCOMMON 0072
_GIE                                 (abs)        005F
_PEIE                                (abs)        005E
_PORTB                               (abs)        0006
_PORTD                               (abs)        0008
_PR2                                 (abs)        0092
_RB0                                 (abs)        0030
_RC1                                 (abs)        0039
_RC2                                 (abs)        003A
_RE1                                 (abs)        0049
_RE2                                 (abs)        004A
_TMR2IE                              (abs)        0461
_TMR2IF                              (abs)        0061
_TMR2ON                              (abs)        0092
_TRISB                               (abs)        0086
_TRISC1                              (abs)        0439
_TRISC2                              (abs)        043A
_TRISD                               (abs)        0088
_TRISE1                              (abs)        0449
_TRISE2                              (abs)        044A
__H__absolute__                      __absolute__ 0000
__Habs1                              abs1         0000
__Hbank0                             bank0        0000
__Hbank1                             bank1        0000
__Hbank2                             bank2        0000
__Hbank3                             bank3        0000
__HbssBANK0                          bssBANK0     0000
__HbssBANK1                          bssBANK1     0000
__HbssCOMMON                         bssCOMMON    0000
__Hcinit                             cinit        004D
__Hclrtext                           clrtext      0000
__Hcode                              code         0000
__Hcommon                            common       0000
__Hconfig                            config       2008
__HcstackBANK0                       cstackBANK0  0000
__HcstackBANK1                       cstackBANK1  0000
__HcstackCOMMON                      cstackCOMMON 0000
__HdataBANK0                         dataBANK0    0000
__HdataBANK1                         dataBANK1    0000
__HdataCOMMON                        dataCOMMON   0000
__Heeprom_data                       eeprom_data  0000
__Hend_init                          end_init     000F
__Hfunctab                           functab      0000
__Hheap                              heap         0000
__HidataBANK0                        idataBANK0   0000
__HidataBANK1                        idataBANK1   0000
__HidataCOMMON                       idataCOMMON  0000
__Hinit                              init         000C
__Hinittext                          inittext     0000
__Hintentry                          intentry     000C
__Hmaintext                          maintext     0000
__Hpowerup                           powerup      0000
__Hram                               ram          0000
__Hreset_vec                         reset_vec    0003
__Hsfr0                              sfr0         0000
__Hsfr1                              sfr1         0000
__Hsfr2                              sfr2         0000
__Hsfr3                              sfr3         0000
__Hsivt                              sivt         000C
__Hspace_0                           (abs)        1800
__Hspace_1                           (abs)        00CE
__Hspace_2                           (abs)        0000
__Hspace_3                           (abs)        0000
__Hspace_4                           (abs)        400F
__Hstack                             stack        0000
__Hstrings                           strings      0000
__Hstringtext                        stringtext   0000
__Htext                              text         0000
__L__absolute__                      __absolute__ 0000
__Labs1                              abs1         0000
__Lbank0                             bank0        0000
__Lbank1                             bank1        0000
__Lbank2                             bank2        0000
__Lbank3                             bank3        0000
__LbssBANK0                          bssBANK0     0000
__LbssBANK1                          bssBANK1     0000
__LbssCOMMON                         bssCOMMON    0000
__Lcinit                             cinit        000F
__Lclrtext                           clrtext      0000
__Lcode                              code         0000
__Lcommon                            common       0000
__Lconfig                            config       0000
__LcstackBANK0                       cstackBANK0  0000
__LcstackBANK1                       cstackBANK1  0000
__LcstackCOMMON                      cstackCOMMON 0000
__LdataBANK0                         dataBANK0    0000
__LdataBANK1                         dataBANK1    0000
__LdataCOMMON                        dataCOMMON   0000
__Leeprom_data                       eeprom_data  0000
__Lend_init                          end_init     000C
__Lfunctab                           functab      0000
__Lheap                              heap         0000
__LidataBANK0                        idataBANK0   0000
__LidataBANK1                        idataBANK1   0000
__LidataCOMMON                       idataCOMMON  0000
__Linit                              init         000C
__Linittext                          inittext     0000
__Lintentry                          intentry     0004
__Lmaintext                          maintext     0000
__Lpowerup                           powerup      0000
__Lram                               ram          0000
__Lreset_vec                         reset_vec    0000
__Lsfr0                              sfr0         0000
__Lsfr1                              sfr1         0000
__Lsfr2                              sfr2         0000
__Lsfr3                              sfr3         0000
__Lsivt                              sivt         000C
__Lspace_0                           (abs)        0000
__Lspace_1                           (abs)        0000
__Lspace_2                           (abs)        0000
__Lspace_3                           (abs)        0000
__Lspace_4                           (abs)        0000
__Lstack                             stack        0000
__Lstrings                           strings      0000
__Lstringtext                        stringtext   0000
__Ltext                              text         0000
__S0                                 (abs)        1800
__S1                                 (abs)        00CE
__S3                                 (abs)        0000
__Umul8_16                           text12       157D
__Umul8_16@multiplicand              cstackCOMMON 0072
__Umul8_16@multiplier                cstackBANK0  0024
__Umul8_16@product                   cstackBANK0  0020
__Umul8_16@word_mpld                 cstackBANK0  0022
___awdiv                             text16       1725
___awdiv@counter                     cstackBANK0  0020
___awdiv@dividend                    cstackCOMMON 0074
___awdiv@divisor                     cstackCOMMON 0072
___awdiv@quotient                    cstackBANK0  0022
___awdiv@sign                        cstackBANK0  0021
___awmod                             text15       16CE
___awmod@counter                     cstackCOMMON 0076
___awmod@dividend                    cstackCOMMON 0074
___awmod@divisor                     cstackCOMMON 0072
___awmod@sign                        cstackCOMMON 0077
___bmul                              text14       14E2
___bmul@multiplicand                 cstackCOMMON 0072
___bmul@multiplier                   cstackCOMMON 0074
___bmul@product                      cstackCOMMON 0073
___fladd                             text10       0DA8
___fladd@a                           cstackBANK0  0024
___fladd@aexp                        cstackCOMMON 0073
___fladd@b                           cstackBANK0  0020
___fladd@bexp                        cstackCOMMON 0074
___fladd@grs                         cstackCOMMON 0075
___fladd@signs                       cstackCOMMON 0072
___flge                              text13       0759
___flge@ff1                          cstackBANK0  004C
___flge@ff2                          cstackBANK0  0050
___flmul                             text11       0417
___flmul@a                           cstackBANK0  002E
___flmul@aexp                        cstackBANK0  0038
___flmul@b                           cstackBANK0  002A
___flmul@bexp                        cstackBANK0  003D
___flmul@grs                         cstackBANK0  0039
___flmul@prod                        cstackBANK0  003E
___flmul@sign                        cstackBANK0  0037
___flmul@temp                        cstackBANK0  0042
___flsub                             text9        1559
___flsub@a                           cstackBANK0  0044
___flsub@b                           cstackBANK0  0048
___fltol                             text8        178A
___fltol@exp1                        cstackCOMMON 0077
___fltol@f1                          cstackBANK0  0044
___fltol@sign1                       cstackCOMMON 0076
___heap_hi                           (abs)        0000
___heap_lo                           (abs)        0000
___int_sp                            stack        0000
___int_stack_hi                      stack        0000
___int_stack_lo                      stack        0000
___latbits                           (abs)        0002
___sp                                stack        0000
___stack_hi                          stack        0000
___stack_lo                          stack        0000
___stackhi                           (abs)        0000
___stacklo                           (abs)        0000
___xxtofl                            text7        0A82
___xxtofl@arg                        cstackBANK0  0026
___xxtofl@exp                        cstackBANK0  0025
___xxtofl@sign                       cstackBANK0  0024
___xxtofl@val                        cstackCOMMON 0072
__end_of__Umul8_16                   text12       15A6
__end_of___awdiv                     text16       178A
__end_of___awmod                     text15       1725
__end_of___bmul                      text14       14F5
__end_of___fladd                     text10       1000
__end_of___flge                      text13       07FD
__end_of___flmul                     text11       0759
__end_of___flsub                     text9        157D
__end_of___fltol                     text8        1800
__end_of___xxtofl                    text7        0B38
__end_of__initialization             cinit        0049
__end_of__stringtab                  strings      1182
__end_of_clcd_print                  text20       15D9
__end_of_clcd_putch                  text19       151D
__end_of_clcd_write                  text26       0821
__end_of_clear_screen                text6        14E2
__end_of_door_status_check           text5        0899
__end_of_init_clcd                   text24       14D1
__end_of_init_config                 text21       1537
__end_of_init_digital_keypad         text23       14BD
__end_of_init_display_controller     text25       16CE
__end_of_init_timer2                 text22       14C6
__end_of_isr                         text27       1626
__end_of_main                        maintext     0C60
__end_of_power_on_screen             text18       09D8
__end_of_read_digital_keypad         text17       1677
__end_of_run_program                 text4        0417
__end_of_set_time                    text3        0DA8
__end_of_washing_program_display     text2        0938
__end_of_water_level_screen          text1        0A82
__initialization                     cinit        000F
__pbssBANK0                          bssBANK0     0065
__pbssBANK1                          bssBANK1     00C2
__pbssCOMMON                         bssCOMMON    007B
__pcstackBANK0                       cstackBANK0  0020
__pcstackBANK1                       cstackBANK1  00C9
__pcstackCOMMON                      cstackCOMMON 0070
__pdataBANK0                         dataBANK0    006D
__pdataBANK1                         dataBANK1    00A0
__pdataCOMMON                        dataCOMMON   0079
__pidataBANK0                        idataBANK0   14B5
__pidataBANK1                        idataBANK1   1537
__pidataCOMMON                       idataCOMMON  07FD
__pintentry                          intentry     0004
__pmaintext                          maintext     0B38
__pstrings                           strings      1170
__pstringtext                        stringtext   1000
__ptext1                             text1        09D8
__ptext10                            text10       0DA8
__ptext11                            text11       0417
__ptext12                            text12       157D
__ptext13                            text13       0759
__ptext14                            text14       14E2
__ptext15                            text15       16CE
__ptext16                            text16       1725
__ptext17                            text17       1626
__ptext18                            text18       0938
__ptext19                            text19       1508
__ptext2                             text2        0899
__ptext20                            text20       15A6
__ptext21                            text21       151D
__ptext22                            text22       14BD
__ptext23                            text23       14B7
__ptext24                            text24       14C6
__ptext25                            text25       1677
__ptext26                            text26       0801
__ptext27                            text27       15D9
__ptext3                             text3        0C60
__ptext4                             text4        004D
__ptext5                             text5        0821
__ptext6                             text6        14D1
__ptext7                             text7        0A82
__ptext8                             text8        178A
__ptext9                             text9        1559
__stringbase                         strings      1182
__stringtab                          strings      1170
_clcd_print                          text20       15A6
_clcd_putch                          text19       1508
_clcd_write                          text26       0801
_clear_screen                        text6        14D1
_door_status_check                   text5        0821
_init_clcd                           text24       14C6
_init_config                         text21       151D
_init_digital_keypad                 text23       14B7
_init_display_controller             text25       1677
_init_timer2                         text22       14BD
_isr                                 text27       15D9
_level                               bssBANK0     0069
_main                                maintext     0B38
_min                                 bssBANK0     006B
_operational_mode                    dataBANK0    006E
_power_on_screen                     text18       0938
_program_no                          bssBANK0     006A
_read_digital_keypad                 text17       1626
_reset_flag                          dataBANK0    006D
_rinse_time                          bssBANK1     00C8
_run_program                         text4        004D
_sec                                 bssBANK0     006C
_set_time                            text3        0C60
_spin_time                           bssBANK0     0066
_time                                bssBANK0     0065
_total_time                          bssBANK0     0068
_wash_time                           bssBANK0     0067
_washing_program                     dataBANK1    00A0
_washing_program_display             text2        0899
_water_level                         dataBANK1    00B8
_water_level_screen                  text1        09D8
btemp                                (abs)        007E
clcd_print@addr                      cstackBANK0  0022
clcd_print@str                       cstackBANK0  0020
clcd_putch@addr                      cstackCOMMON 0078
clcd_putch@data                      cstackBANK0  0024
clcd_write@byte                      cstackCOMMON 0075
clcd_write@mode                      cstackCOMMON 0072
end_of_initialization                cinit        0049
init_fetch0                          inittext     14F5
init_ram0                            inittext     14F9
interrupt_function                   intentry     0004
intlevel0                            functab      0000
intlevel1                            functab      0000
intlevel2                            functab      0000
intlevel3                            functab      0000
intlevel4                            functab      0000
intlevel5                            functab      0000
isr@count                            bssBANK1     00C2
main@delay                           cstackBANK1  00C9
main@delay_93                        cstackBANK1  00CB
main@key                             cstackBANK1  00CD
power_on_screen@i                    cstackBANK0  0028
power_on_screen@i_194                cstackBANK0  002A
read_digital_keypad@key              cstackCOMMON 0073
read_digital_keypad@long_press_count bssCOMMON    007B
read_digital_keypad@mode             cstackCOMMON 0072
read_digital_keypad@once             dataCOMMON   007A
read_digital_keypad@pre_key          dataCOMMON   0079
reset_vec                            reset_vec    0000
run_program@key                      cstackBANK0  0064
saved_w                              (abs)        007E
start                                init         000C
start_initialization                 cinit        000F
washing_program_display@key          cstackBANK0  0027
water_level_screen@key               cstackBANK0  0027
wtemp0                               (abs)        007E


MODULE INFORMATION

Module		Function		Class		Link	Load	Size
C:\Program Files\Microchip\xc8\v3.00\pic\sources\c99\common\flge.c
		___flge        		CODE           	0759	0000	164

C:\Program Files\Microchip\xc8\v3.00\pic\sources\c99\common\flge.c estimated size: 164

timers.c
		_init_timer2   		CODE           	14BD	0000	9

timers.c estimated size: 9

digital_keypad.c
		_init_digital_keypad		CODE           	14B7	0000	6
		_read_digital_keypad		CODE           	1626	0000	81

digital_keypad.c estimated size: 87

C:\Program Files\Microchip\xc8\v3.00\pic\sources\c99\common\awmod.c
		___awmod       		CODE           	16CE	0000	87

C:\Program Files\Microchip\xc8\v3.00\pic\sources\c99\common\awmod.c estimated size: 87

C:\Program Files\Microchip\xc8\v3.00\pic\sources\c99\common\sprcmul.c
		___flmul       		CODE           	0417	0000	834

C:\Program Files\Microchip\xc8\v3.00\pic\sources\c99\common\sprcmul.c estimated size: 834

isr.c
		_isr           		CODE           	15D9	0000	77

isr.c estimated size: 77

shared
		__stringtab    		STRING         	1170	0000	18
		__initialization		CODE           	000F	0000	58

shared estimated size: 76

clcd.c
		_clcd_write    		CODE           	0801	0000	32
		_clcd_print    		CODE           	15A6	0000	51
		_clcd_putch    		CODE           	1508	0000	21
		_init_display_controller		CODE           	1677	0000	87
		_init_clcd     		CODE           	14C6	0000	11

clcd.c estimated size: 202

C:\Program Files\Microchip\xc8\v3.00\pic\sources\c99\common\xxtofl.c
		___xxtofl      		CODE           	0A82	0000	182

C:\Program Files\Microchip\xc8\v3.00\pic\sources\c99\common\xxtofl.c estimated size: 182

Washing_Machine_Function_def.c
		_door_status_check		CODE           	0821	0000	120
		_washing_program_display		CODE           	0899	0000	159
		_water_level_screen		CODE           	09D8	0000	170
		_run_program   		CODE           	004D	0000	970
		_clear_screen  		CODE           	14D1	0000	17
		_power_on_screen		CODE           	0938	0000	160
		_set_time      		CODE           	0C60	0000	328

Washing_Machine_Function_def.c estimated size: 1924

C:\Program Files\Microchip\xc8\v3.00\pic\sources\c99\common\awdiv.c
		___awdiv       		CODE           	1725	0000	101

C:\Program Files\Microchip\xc8\v3.00\pic\sources\c99\common\awdiv.c estimated size: 101

C:\Program Files\Microchip\xc8\v3.00\pic\sources\c99\common\fltol.c
		___fltol       		CODE           	178A	0000	118

C:\Program Files\Microchip\xc8\v3.00\pic\sources\c99\common\fltol.c estimated size: 118

main.c
		_main          		CODE           	0B38	0000	296
		_init_config   		CODE           	151D	0000	26

main.c estimated size: 322

C:\Program Files\Microchip\xc8\v3.00\pic\sources\c99\common\sprcadd.c
		___flsub       		CODE           	1559	0000	36
		___fladd       		CODE           	0DA8	0000	600

C:\Program Files\Microchip\xc8\v3.00\pic\sources\c99\common\sprcadd.c estimated size: 636

C:\Program Files\Microchip\xc8\v3.00\pic\sources\c99\common\Umul8.c
		___bmul        		CODE           	14E2	0000	19

C:\Program Files\Microchip\xc8\v3.00\pic\sources\c99\common\Umul8.c estimated size: 19

C:\Program Files\Microchip\xc8\v3.00\pic\sources\c99\common\Umul8_16.c
		__Umul8_16     		CODE           	157D	0000	41

C:\Program Files\Microchip\xc8\v3.00\pic\sources\c99\common\Umul8_16.c estimated size: 41

